  console.log
    [dotenv@17.3.1] injecting env (2) from .env.test -- tip: ΓÜÖ∩╕Å  load multiple .env files with { path: ['.env.local', '.env'] }

      at _log (node_modules/dotenv/lib/main.js:139:11)

  console.log
    GaxiosError: Failed to retrieve verification certificates: Unexpected Gaxios Error
        at Gaxios._request (F:\October 2024\AlmaBetter\MediConnect\backend\node_modules\gaxios\src\gaxios.ts:229:15)
        at OAuth2Client.getFederatedSignonCertsAsync (F:\October 2024\AlmaBetter\MediConnect\backend\node_modules\google-auth-library\build\src\auth\oauth2client.js:605:19)
        ... 2 lines matching cause stack trace ...
        at googleLogin (F:\October 2024\AlmaBetter\MediConnect\backend\controllers\authController.js:158:25) {
      config: {
        retry: true,
        retryConfig: {
          httpMethodsToRetry: [Array],
          currentRetryAttempt: 2,
          retry: 3,
          noResponseRetries: 2,
          retryDelayMultiplier: 2,
          timeOfFirstRequest: 1774935060969,
          totalTimeout: 9007199254740991,
          maxRetryDelay: 9007199254740991,
          statusCodesToRetry: [Array]
        },
        url: URL {
          href: 'https://www.googleapis.com/oauth2/v1/certs',
          origin: 'https://www.googleapis.com',
          protocol: 'https:',
          username: '',
          password: '',
          host: 'www.googleapis.com',
          hostname: 'www.googleapis.com',
          port: '',
          pathname: '/oauth2/v1/certs',
          search: '',
          searchParams: URLSearchParams {},
          hash: ''
        },
        validateStatus: [Function: validateStatus],
        responseType: 'unknown',
        errorRedactor: [Function: defaultErrorRedactor],
        headers: Headers {
          'x-goog-api-client': 'gl-node/20.20.0',
          'User-Agent': 'google-api-nodejs-client/10.6.2'
        }
      },
      response: undefined,
      code: 'ERR_VM_DYNAMIC_IMPORT_CALLBACK_MISSING_FLAG',
      status: undefined,
      error: undefined,
      [Symbol(gaxios-gaxios-error)]: '7.1.4',
      [cause]: TypeError: A dynamic import callback was invoked without --experimental-vm-modules
          at importModuleDynamicallyCallback (node:internal/modules/esm/utils:270:11)
          at Function.#getFetch (F:\October 2024\AlmaBetter\MediConnect\backend\node_modules\gaxios\src\gaxios.ts:675:10)
          at Gaxios._defaultAdapter (F:\October 2024\AlmaBetter\MediConnect\backend\node_modules\gaxios\src\gaxios.ts:153:30)
          at Gaxios._request (F:\October 2024\AlmaBetter\MediConnect\backend\node_modules\gaxios\src\gaxios.ts:194:41)
          at Gaxios._request (F:\October 2024\AlmaBetter\MediConnect\backend\node_modules\gaxios\src\gaxios.ts:244:21)
          at OAuth2Client.getFederatedSignonCertsAsync (F:\October 2024\AlmaBetter\MediConnect\backend\node_modules\google-auth-library\build\src\auth\oauth2client.js:605:19)
          at OAuth2Client.verifyIdTokenAsync (F:\October 2024\AlmaBetter\MediConnect\backend\node_modules\google-auth-library\build\src\auth\oauth2client.js:540:26)
          at verifyGoogleToken (F:\October 2024\AlmaBetter\MediConnect\backend\utils\googleAuth.js:10:24)
          at googleLogin (F:\October 2024\AlmaBetter\MediConnect\backend\controllers\authController.js:158:25) {
        code: 'ERR_VM_DYNAMIC_IMPORT_CALLBACK_MISSING_FLAG'
      }
    }

      at log (utils/googleAuth.js:17:17)

  console.log
    GaxiosError: Failed to retrieve verification certificates: Unexpected Gaxios Error
        at Gaxios._request (F:\October 2024\AlmaBetter\MediConnect\backend\node_modules\gaxios\src\gaxios.ts:229:15)
        at OAuth2Client.getFederatedSignonCertsAsync (F:\October 2024\AlmaBetter\MediConnect\backend\node_modules\google-auth-library\build\src\auth\oauth2client.js:605:19)
        ... 2 lines matching cause stack trace ...
        at googleLogin (F:\October 2024\AlmaBetter\MediConnect\backend\controllers\authController.js:158:25) {
      config: {
        retry: true,
        retryConfig: {
          httpMethodsToRetry: [Array],
          currentRetryAttempt: 2,
          retry: 3,
          noResponseRetries: 2,
          retryDelayMultiplier: 2,
          timeOfFirstRequest: 1774935061624,
          totalTimeout: 9007199254740991,
          maxRetryDelay: 9007199254740991,
          statusCodesToRetry: [Array]
        },
        url: URL {
          href: 'https://www.googleapis.com/oauth2/v1/certs',
          origin: 'https://www.googleapis.com',
          protocol: 'https:',
          username: '',
          password: '',
          host: 'www.googleapis.com',
          hostname: 'www.googleapis.com',
          port: '',
          pathname: '/oauth2/v1/certs',
          search: '',
          searchParams: URLSearchParams {},
          hash: ''
        },
        validateStatus: [Function: validateStatus],
        responseType: 'unknown',
        errorRedactor: [Function: defaultErrorRedactor],
        headers: Headers {
          'x-goog-api-client': 'gl-node/20.20.0',
          'User-Agent': 'google-api-nodejs-client/10.6.2'
        }
      },
      response: undefined,
      code: 'ERR_VM_DYNAMIC_IMPORT_CALLBACK_MISSING_FLAG',
      status: undefined,
      error: undefined,
      [Symbol(gaxios-gaxios-error)]: '7.1.4',
      [cause]: TypeError: A dynamic import callback was invoked without --experimental-vm-modules
          at importModuleDynamicallyCallback (node:internal/modules/esm/utils:270:11)
          at Function.#getFetch (F:\October 2024\AlmaBetter\MediConnect\backend\node_modules\gaxios\src\gaxios.ts:675:10)
          at Gaxios._defaultAdapter (F:\October 2024\AlmaBetter\MediConnect\backend\node_modules\gaxios\src\gaxios.ts:153:30)
          at Gaxios._request (F:\October 2024\AlmaBetter\MediConnect\backend\node_modules\gaxios\src\gaxios.ts:194:41)
          at Gaxios._request (F:\October 2024\AlmaBetter\MediConnect\backend\node_modules\gaxios\src\gaxios.ts:244:21)
          at OAuth2Client.getFederatedSignonCertsAsync (F:\October 2024\AlmaBetter\MediConnect\backend\node_modules\google-auth-library\build\src\auth\oauth2client.js:605:19)
          at OAuth2Client.verifyIdTokenAsync (F:\October 2024\AlmaBetter\MediConnect\backend\node_modules\google-auth-library\build\src\auth\oauth2client.js:540:26)
          at verifyGoogleToken (F:\October 2024\AlmaBetter\MediConnect\backend\utils\googleAuth.js:10:24)
          at googleLogin (F:\October 2024\AlmaBetter\MediConnect\backend\controllers\authController.js:158:25) {
        code: 'ERR_VM_DYNAMIC_IMPORT_CALLBACK_MISSING_FLAG'
      }
    }

      at log (utils/googleAuth.js:17:17)

  console.log
    GaxiosError: Failed to retrieve verification certificates: Unexpected Gaxios Error
        at Gaxios._request (F:\October 2024\AlmaBetter\MediConnect\backend\node_modules\gaxios\src\gaxios.ts:229:15)
        at OAuth2Client.getFederatedSignonCertsAsync (F:\October 2024\AlmaBetter\MediConnect\backend\node_modules\google-auth-library\build\src\auth\oauth2client.js:605:19)
        ... 2 lines matching cause stack trace ...
        at googleLogin (F:\October 2024\AlmaBetter\MediConnect\backend\controllers\authController.js:158:25) {
      config: {
        retry: true,
        retryConfig: {
          httpMethodsToRetry: [Array],
          currentRetryAttempt: 2,
          retry: 3,
          noResponseRetries: 2,
          retryDelayMultiplier: 2,
          timeOfFirstRequest: 1774935062235,
          totalTimeout: 9007199254740991,
          maxRetryDelay: 9007199254740991,
          statusCodesToRetry: [Array]
        },
        url: URL {
          href: 'https://www.googleapis.com/oauth2/v1/certs',
          origin: 'https://www.googleapis.com',
          protocol: 'https:',
          username: '',
          password: '',
          host: 'www.googleapis.com',
          hostname: 'www.googleapis.com',
          port: '',
          pathname: '/oauth2/v1/certs',
          search: '',
          searchParams: URLSearchParams {},
          hash: ''
        },
        validateStatus: [Function: validateStatus],
        responseType: 'unknown',
        errorRedactor: [Function: defaultErrorRedactor],
        headers: Headers {
          'x-goog-api-client': 'gl-node/20.20.0',
          'User-Agent': 'google-api-nodejs-client/10.6.2'
        }
      },
      response: undefined,
      code: 'ERR_VM_DYNAMIC_IMPORT_CALLBACK_MISSING_FLAG',
      status: undefined,
      error: undefined,
      [Symbol(gaxios-gaxios-error)]: '7.1.4',
      [cause]: TypeError: A dynamic import callback was invoked without --experimental-vm-modules
          at importModuleDynamicallyCallback (node:internal/modules/esm/utils:270:11)
          at Function.#getFetch (F:\October 2024\AlmaBetter\MediConnect\backend\node_modules\gaxios\src\gaxios.ts:675:10)
          at Gaxios._defaultAdapter (F:\October 2024\AlmaBetter\MediConnect\backend\node_modules\gaxios\src\gaxios.ts:153:30)
          at Gaxios._request (F:\October 2024\AlmaBetter\MediConnect\backend\node_modules\gaxios\src\gaxios.ts:194:41)
          at Gaxios._request (F:\October 2024\AlmaBetter\MediConnect\backend\node_modules\gaxios\src\gaxios.ts:244:21)
          at OAuth2Client.getFederatedSignonCertsAsync (F:\October 2024\AlmaBetter\MediConnect\backend\node_modules\google-auth-library\build\src\auth\oauth2client.js:605:19)
          at OAuth2Client.verifyIdTokenAsync (F:\October 2024\AlmaBetter\MediConnect\backend\node_modules\google-auth-library\build\src\auth\oauth2client.js:540:26)
          at verifyGoogleToken (F:\October 2024\AlmaBetter\MediConnect\backend\utils\googleAuth.js:10:24)
          at googleLogin (F:\October 2024\AlmaBetter\MediConnect\backend\controllers\authController.js:158:25) {
        code: 'ERR_VM_DYNAMIC_IMPORT_CALLBACK_MISSING_FLAG'
      }
    }

      at log (utils/googleAuth.js:17:17)

node.exe : FAIL 
tests/auth.test.js 
(5.041 s)
At C:\Users\Windows\AppDa
ta\Roaming\npm\npx.ps1:24
 char:5
+     & "node$exe"  "$bas
edir/node_modules/npm/bin
/npx-cli.js" $args
+     ~~~~~~~~~~~~~~~~~~~
~~~~~~~~~~~~~~~~~~~~~~~~~
~~~~~~~~~~~~~~~~~~
    + CategoryInfo       
       : NotSpecified:   
  (FAIL tests/auth.tes   
 t.js (5.041 s):Strin    
g) [], RemoteExcepti    
on
    + FullyQualifiedErro 
   rId : NativeCommandE  
  rror
 
  Auth Routes
    ΓêÜ should register 
a user (146 ms)
    ΓêÜ should not 
register a user if user 
already exists (9 ms)
    ΓêÜ should login a 
user (82 ms)
    ΓêÜ should get user 
profile (90 ms)
    ΓêÜ should not login 
a user if user does not 
exist (7 ms)
    ΓêÜ should not login 
a user if password is 
incorrect (76 ms)
    ΓêÜ should logout a 
user (85 ms)
    ├ù should login with 
google and create new 
user if not exists (656 
ms)
    ├ù should login with 
google for existing user 
(610 ms)
    ΓêÜ should not login 
with google for invalid 
token (610 ms)
    ├ù should not login 
a user using email and 
password if user is 
registered with Google 
(7 ms)

  ΓùÅ Auth Routes ΓÇ║ 
should login with google 
and create new user if 
not exists

    expect(received).toBe
(expected) // Object.is 
equality

    Expected: 201
    Received: 401

    [0m [90m 112 
|[39m             
token[33m:[39m [32m"mo
ck-google-token"[39m
     [90m 113 |[39m    
     })[33m;[39m
    [31m[1m>[22m[39m
[90m 114 |[39m         e
xpect(response[33m.[39m
statusCode)[33m.[39mtoB
e([35m201[39m)[33m;[3
9m
     [90m     |[39m    
                         
        
[31m[1m^[22m[39m
     [90m 115 |[39m    
     expect(response[33m
.[39mbody)[33m.[39mtoH
aveProperty([32m"user"[
39m)[33m;[39m
     [90m 116 |[39m    
     expect(response[33m
.[39mbody[33m.[39muser
)[33m.[39mtoHavePropert
y([32m"id"[39m)[33m;[
39m
     [90m 117 |[39m    
     expect(response[33m
.[39mbody[33m.[39muser
)[33m.[39mtoHavePropert
y([32m"name"[39m)[33m;
[39m[0m

      at Object.toBe (tes
ts/auth.test.js:114:37)

  ΓùÅ Auth Routes ΓÇ║ 
should login with google 
for existing user

    expect(received).toBe
(expected) // Object.is 
equality

    Expected: 200
    Received: 401

    [0m [90m 129 
|[39m             
token[33m:[39m [32m"mo
ck-google-token"[39m
     [90m 130 |[39m    
     })[33m;[39m
    [31m[1m>[22m[39m
[90m 131 |[39m         e
xpect(response[33m.[39m
statusCode)[33m.[39mtoB
e([35m200[39m)[33m;[3
9m
     [90m     |[39m    
                         
        
[31m[1m^[22m[39m
     [90m 132 |[39m    
     expect(response[33m
.[39mbody)[33m.[39mtoH
aveProperty([32m"user"[
39m)[33m;[39m
     [90m 133 |[39m    
     expect(response[33m
.[39mbody[33m.[39muser
)[33m.[39mtoHavePropert
y([32m"id"[39m)[33m;[
39m
     [90m 134 |[39m    
     expect(response[33m
.[39mbody[33m.[39muser
)[33m.[39mtoHavePropert
y([32m"name"[39m)[33m;
[39m[0m

      at Object.toBe (tes
ts/auth.test.js:131:37)

  ΓùÅ Auth Routes ΓÇ║ 
should not login a user 
using email and password 
if user is registered 
with Google

    expect(received).toBe
(expected) // Object.is 
equality

    Expected: 400
    Received: 404

    [0m [90m 156 
|[39m             
password[33m:[39m 
[32m"password"[39m
     [90m 157 |[39m    
     })[33m;[39m
    [31m[1m>[22m[39m
[90m 158 |[39m         e
xpect(response[33m.[39m
statusCode)[33m.[39mtoB
e([35m400[39m)[33m;[3
9m
     [90m     |[39m    
                         
        
[31m[1m^[22m[39m
     [90m 159 |[39m    
     expect(response[33m
.[39mbody)[33m.[39mtoH
aveProperty([32m"message
"[39m)[33m;[39m
     [90m 160 |[39m    
     expect(response[33m
.[39mbody[33m.[39mmess
age)[33m.[39mtoBe([32m
"User is registered with 
Google. Please sign in 
with 
Google."[39m)[33m;[39m
     [90m 161 |[39m    
 })[33m;[39m[0m

      at Object.toBe (tes
ts/auth.test.js:158:37)

Test Suites: 1 failed, 1 
total
Tests:       3 failed, 8 
passed, 11 total
Snapshots:   0 total
Time:        5.131 s, 
estimated 6 s
Ran all test suites 
matching 
tests/auth.test.js.
